Connected.
Received: {"type":"status","status":"ready"}
Received: {"type":"status","status":"interview_started"}
Received: {"type":"ai-response","text":"Hello! I'm your AI interviewer today. Let's get started. Could you please introduce yourself and tell me a bit about your background?","isComplete":true,"timestamp":"11:31 PM"}
Received (TTS metadata): {"type":"tts-audio","sampleRate":24000,"channels":1,"bitDepth":16,"durationMs":8125}
Received audio bytes: 390000 bytes
Sent speech-end. Waiting for STT/Groq/TTS response...

[0.11s] Received JSON: transcript -> {"type":"transcript","text":"Hello this is a test. Answer in one sentence.","isFinal":true,"timestamp":"11:31 PM"}
............................
[1.62s] Received JSON: tts-audio -> {"type":"tts-audio","sampleRate":24000,"channels":1,"bitDepth":16,"durationMs":2450}
[1.64s] Received audio bytes: 117600

[2.49s] Received JSON: tts-audio -> {"type":"tts-audio","sampleRate":24000,"channels":1,"bitDepth":16,"durationMs":1725}
[2.49s] Received audio bytes: 82800

[4.56s] Received JSON: tts-audio -> {"type":"tts-audio","sampleRate":24000,"channels":1,"bitDepth":16,"durationMs":5325}
[4.56s] Received audio bytes: 255600
.Error: received 1012 (service restart); then sent 1012 (service restart)
